components/EnergyShardCanvas.tsx(192,37): error TS2322: Type '{ children: Element; disableNormalPass: true; multisampling: number; }' is not assignable to type 'IntrinsicAttributes & EffectComposerProps & RefAttributes<EffectComposer>'.
  Property 'disableNormalPass' does not exist on type 'IntrinsicAttributes & EffectComposerProps & RefAttributes<EffectComposer>'. Did you mean 'enableNormalPass'?
components/ServiceContent.tsx(203,51): error TS2322: Type 'string' is not assignable to type 'never'.
